MPLINK 5.09, LINKER
Linker Map File - Created Sun May  7 19:01:42 2023

                                 Section Info
                  Section       Type    Address   Location Size(Bytes)
                ---------  ---------  ---------  ---------  ---------
                   .org_0       code   0x000000    program   0x000034
                   .cinit    romdata   0x000034    program   0x000002



                              Program Memory Usage 
                               Start         End      
                           ---------   ---------      
                            0x000000    0x000035      
            54 out of 33048 program addresses used, program memory utilization is 0%



                              Symbols - Sorted by Name
                     Name    Address   Location    Storage File                     
                ---------  ---------  ---------  --------- ---------                
                     LOOP   0x00000c    program     static /home/mourad/MPLABXProjects/myProject02.X/newpic_8b_general.asm
                    START   0x000006    program     static /home/mourad/MPLABXProjects/myProject02.X/newpic_8b_general.asm
             _.org_0_001A   0x00001a    program     static /home/mourad/MPLABXProjects/myProject02.X/newpic_8b_general.asm
        applySevenSegment   0x00001e    program     static /home/mourad/MPLABXProjects/myProject02.X/newpic_8b_general.asm



                              Symbols - Sorted by Address
                     Name    Address   Location    Storage File                     
                ---------  ---------  ---------  --------- ---------                
                    START   0x000006    program     static /home/mourad/MPLABXProjects/myProject02.X/newpic_8b_general.asm
                     LOOP   0x00000c    program     static /home/mourad/MPLABXProjects/myProject02.X/newpic_8b_general.asm
             _.org_0_001A   0x00001a    program     static /home/mourad/MPLABXProjects/myProject02.X/newpic_8b_general.asm
        applySevenSegment   0x00001e    program     static /home/mourad/MPLABXProjects/myProject02.X/newpic_8b_general.asm


